
> distribuidora@0.1.0 build
> next build

  Ôû▓ Next.js 14.2.35
  - Environments: .env.local

   Creating an optimized production build ...
 Ô£ô Compiled successfully
   Linting and checking validity of types ...
   Collecting page data ...
   Generating static pages (0/13) ...
node.exe :  Ô¿» useSearchParams() 
should be wrapped in a suspense 
boundary at page "/catalogo". Read 
more: https://nextjs.org/docs/message
s/missing-suspense-with-csr-bailout
En línea: 1 Carácter: 1
+ & "C:\Program 
Files\nodejs/node.exe" "C:\Program 
Files\nodejs/node_mo ...
+ ~~~~~~~~~~~~~~~~~~~~~~~~~~~~~~~~~~~
~~~~~~~~~~~~~~~~~~~~~~~~~~~~~~~~~~
    + CategoryInfo          : 
NotSpecified: ( Ô    ¿» 
useSearchP...ith-csr-bailout:String) 
[],     RemoteException
    + FullyQualifiedErrorId : 
NativeCommandErro    r
 
    at s (D:\PROYECTOS\ELREMATE\distr
ibuidora\.next\server\chunks\380.js:3
:217847)
    at c (D:\PROYECTOS\ELREMATE\distr
ibuidora\.next\server\chunks\380.js:3
:228822)
    at R (D:\PROYECTOS\ELREMATE\distr
ibuidora\.next\server\app\catalogo\pa
ge.js:5:6157)
    at nj (D:\PROYECTOS\ELREMATE\dist
ribuidora\node_modules\next\dist\comp
iled\next-server\app-page.runtime.pro
d.js:12:46252)
    at nM (D:\PROYECTOS\ELREMATE\dist
ribuidora\node_modules\next\dist\comp
iled\next-server\app-page.runtime.pro
d.js:12:47572)
    at nL (D:\PROYECTOS\ELREMATE\dist
ribuidora\node_modules\next\dist\comp
iled\next-server\app-page.runtime.pro
d.js:12:64547)
    at nI (D:\PROYECTOS\ELREMATE\dist
ribuidora\node_modules\next\dist\comp
iled\next-server\app-page.runtime.pro
d.js:12:47011)
    at nM (D:\PROYECTOS\ELREMATE\dist
ribuidora\node_modules\next\dist\comp
iled\next-server\app-page.runtime.pro
d.js:12:47718)
    at nM (D:\PROYECTOS\ELREMATE\dist
ribuidora\node_modules\next\dist\comp
iled\next-server\app-page.runtime.pro
d.js:12:61547)
    at nL (D:\PROYECTOS\ELREMATE\dist
ribuidora\node_modules\next\dist\comp
iled\next-server\app-page.runtime.pro
d.js:12:64547)

Error occurred prerendering page 
"/catalogo". Read more: https://nextj
s.org/docs/messages/prerender-error

   Generating static pages (3/13) 
   Generating static pages (6/13) 
   Generating static pages (9/13) 
 Ô£ô Generating static pages (13/13)

> Export encountered errors on 
following paths:
	/catalogo/page: /catalogo
